// Vitest Snapshot v1

exports[`About > Snapshots > should mount correctly 1`] = `
<div class="about-container">
  <h1>ABOUT</h1>
  <h2>Hi Vue.Lisboa ðŸ‘‹</h2>
  <p>This is a simple <strong>Vite + Vue3 + Vitest App</strong> demo made for 5/25/2022.</p>
</div>
`;
